<!DOCTYPE html>
<html>
  <head>
    <style>
    h1 {
      font-style: italic;
    }
    </style>
  </head>
  <body>
    <h1>Test page</h1>
  </body>
</html>
